// Jest Snapshot v1, https://goo.gl/fbAQLP

exports[`Game Directory Service When a request to delete a game is made should return the correct data 1`] = `"ok"`;
